[previews.aspirity.com/sigma/01_mobileapp.html]
[backblue.gif]
[fade.gif]
[index.html]
[previews.aspirity.com/sigma/assets/css/main.css]
[previews.aspirity.com/sigma/assets/img/Logo_32x32.png]
[previews.aspirity.com/sigma/assets/css/red.css]
[previews.aspirity.com/sigma/assets/css/blue.css]
[previews.aspirity.com/sigma/assets/css/violet.css]
[previews.aspirity.com/sigma/assets/css/green.css]
[previews.aspirity.com/sigma/assets/css/red-gradient.css]
[previews.aspirity.com/sigma/assets/css/blue-gradient.css]
[previews.aspirity.com/sigma/assets/css/violet-gradient.css]
[previews.aspirity.com/sigma/assets/css/green-gradient.css]
[previews.aspirity.com/sigma/02_messenger.html]
[previews.aspirity.com/sigma/03_webapp.html]
[previews.aspirity.com/sigma/04_desktop.html]
[previews.aspirity.com/sigma/05_features.html]
[previews.aspirity.com/sigma/06_pricing.html]
[previews.aspirity.com/sigma/10_get-app.html]
[previews.aspirity.com/sigma/assets/img/img_background.png]
[previews.aspirity.com/sigma/assets/img/img_play_btn.png]
[previews.aspirity.com/sigma/assets/img/img_ui_1.png]
[previews.aspirity.com/sigma/assets/img/img_ui_2.png]
[previews.aspirity.com/sigma/assets/img/img_ui_3.png]
[previews.aspirity.com/sigma/assets/img/img_ui_4.png]
[previews.aspirity.com/sigma/assets/img/img_question_1.png]
[previews.aspirity.com/sigma/assets/img/img_question_2.png]
[previews.aspirity.com/sigma/assets/img/img_question_3.png]
[previews.aspirity.com/sigma/08_faq.html]
[previews.aspirity.com/sigma/assets/img/img_avatar_1.png]
[previews.aspirity.com/sigma/assets/img/img_avatar_2.png]
[previews.aspirity.com/sigma/assets/img/img_avatar_3.png]
[previews.aspirity.com/sigma/assets/img/img_avatar_4.png]
[previews.aspirity.com/sigma/assets/img/img_avatar_5.png]
[previews.aspirity.com/sigma/assets/img/img_avatar_6.png]
[previews.aspirity.com/sigma/assets/img/img_avatar_7.png]
[previews.aspirity.com/sigma/assets/img/img_avatar_8.png]
[previews.aspirity.com/sigma/assets/img/img_avatar_9.png]
[previews.aspirity.com/sigma/assets/img/img_logo_1.png]
[previews.aspirity.com/sigma/assets/img/img_logo_2.png]
[previews.aspirity.com/sigma/assets/img/img_logo_3.png]
[previews.aspirity.com/sigma/assets/img/img_logo_4.png]
[previews.aspirity.com/sigma/assets/img/img_logo_5.png]
[previews.aspirity.com/sigma/assets/img/img_logo_6.png]
[previews.aspirity.com/sigma/assets/img/img_appstore.png]
[previews.aspirity.com/sigma/assets/img/img_google.png]
[previews.aspirity.com/sigma/assets/img/img_backgroud_footer.png]
[previews.aspirity.com/sigma/07_about.html]
[previews.aspirity.com/sigma/09_privacy.html]
[previews.aspirity.com/sigma/blog/12_blog.html]
[previews.aspirity.com/sigma/assets/js/vendor/jquery-2.2.4.min.js]
[previews.aspirity.com/sigma/assets/js/vendor/jquery.waypoints.js]
[previews.aspirity.com/sigma/assets/js/menu.js]
[previews.aspirity.com/sigma/assets/js/mobile-menu.js]
[previews.aspirity.com/sigma/assets/js/video.js]
[previews.aspirity.com/sigma/assets/js/style-switcher.js]
[previews.aspirity.com/sigma/01_mobileapp.html]
[previews.aspirity.com/sigma/assets/css/ajax-loader.gif]
[previews.aspirity.com/sigma/fonts/lgd641.eot]
[previews.aspirity.com/sigma/fonts/lgd41d.eot]
[previews.aspirity.com/sigma/fonts/lgd641.woff]
[previews.aspirity.com/sigma/fonts/lgd641.ttf]
[previews.aspirity.com/sigma/fonts/lgd641.svg]
[previews.aspirity.com/sigma/assets/img/vimeo-play.png]
[previews.aspirity.com/sigma/assets/img/video-play.png]
[previews.aspirity.com/sigma/assets/img/youtube-play.png]
[previews.aspirity.com/sigma/assets/img/loading.gif]
[previews.aspirity.com/sigma/assets/img/img_video.png]
[previews.aspirity.com/sigma/assets/img/img_bg_clouds.png]
[previews.aspirity.com/sigma/assets/img/img_bg_wave.png]
[previews.aspirity.com/sigma/assets/img/img_color.png]
[previews.aspirity.com/sigma/assets/css/main.css]
[previews.aspirity.com/sigma/assets/css/red.css]
[previews.aspirity.com/sigma/assets/css/blue.css]
[previews.aspirity.com/sigma/assets/css/violet.css]
[previews.aspirity.com/sigma/assets/css/green.css]
[previews.aspirity.com/sigma/assets/css/red-gradient.css]
[previews.aspirity.com/sigma/assets/css/blue-gradient.css]
[previews.aspirity.com/sigma/assets/css/violet-gradient.css]
[previews.aspirity.com/sigma/assets/css/green-gradient.css]
[previews.aspirity.com/sigma/assets/img/img_bg_messenger_right.png]
[previews.aspirity.com/sigma/assets/img/img_bg_messenger_left.png]
[previews.aspirity.com/sigma/assets/img/img_feature_big_screen.png]
[previews.aspirity.com/sigma/assets/img/img_bg_users.png]
[previews.aspirity.com/sigma/assets/img/img_platform_web.png]
[previews.aspirity.com/sigma/assets/img/img_platform_mac.png]
[previews.aspirity.com/sigma/assets/img/img_platform_iphone.png]
[previews.aspirity.com/sigma/assets/img/img_logo_gray_1.png]
[previews.aspirity.com/sigma/assets/img/img_logo_gray_2.png]
[previews.aspirity.com/sigma/assets/img/img_logo_gray_3.png]
[previews.aspirity.com/sigma/assets/img/img_logo_gray_4.png]
[previews.aspirity.com/sigma/assets/img/img_logo_gray_5.png]
[previews.aspirity.com/sigma/assets/img/img_logo_gray_6.png]
[previews.aspirity.com/sigma/assets/js/vendor/slick.min.js]
[previews.aspirity.com/sigma/assets/js/vendor/dragscrollable.min.js]
[previews.aspirity.com/sigma/assets/js/vendor/device.js]
[previews.aspirity.com/sigma/assets/js/carousel.js]
[previews.aspirity.com/sigma/02_messenger.html]
[previews.aspirity.com/sigma/assets/css/jquery-ui.min.css]
[previews.aspirity.com/sigma/assets/img/img_bg_webapp.png]
[previews.aspirity.com/sigma/assets/img/img_logo_blue_1.png]
[previews.aspirity.com/sigma/assets/img/img_logo_blue_2.png]
[previews.aspirity.com/sigma/assets/img/img_logo_blue_3.png]
[previews.aspirity.com/sigma/assets/img/img_logo_blue_4.png]
[previews.aspirity.com/sigma/assets/img/img_logo_blue_5.png]
[previews.aspirity.com/sigma/assets/img/img_logo_blue_6.png]
[previews.aspirity.com/sigma/assets/img/img_feature_screen_1.png]
[previews.aspirity.com/sigma/assets/img/img_feature_screen_2.png]
[previews.aspirity.com/sigma/assets/img/img_feature_screen_3.png]
[previews.aspirity.com/sigma/assets/img/img_feature_screen_4.png]
[previews.aspirity.com/sigma/assets/img/img_feature_screen_5.png]
[previews.aspirity.com/sigma/assets/img/img_feature_screen_6.png]
[previews.aspirity.com/sigma/assets/img/img_believe_avatar.png]
[previews.aspirity.com/sigma/assets/js/vendor/jquery-ui.min.js]
[previews.aspirity.com/sigma/assets/js/pricing.js]
[previews.aspirity.com/sigma/03_webapp.html]
[previews.aspirity.com/sigma/assets/img/img_platform_mac_desk.png]
[previews.aspirity.com/sigma/assets/img/img_native.png]
[previews.aspirity.com/sigma/assets/img/img_question_4.png]
[previews.aspirity.com/sigma/assets/img/img_question_5.png]
[previews.aspirity.com/sigma/assets/img/img_question_6.png]
[previews.aspirity.com/sigma/04_desktop.html]
[previews.aspirity.com/sigma/assets/js/topbar.js]
[previews.aspirity.com/sigma/05_features.html]
[previews.aspirity.com/sigma/assets/css/tablesaw.css]
[previews.aspirity.com/sigma/assets/js/vendor/tablesaw.js]
[previews.aspirity.com/sigma/assets/js/vendor/tablesaw-init.js]
[previews.aspirity.com/sigma/11_calculator.html]
[previews.aspirity.com/sigma/assets/js/vendor/jquery.ui.touch-punch.min.js]
[previews.aspirity.com/sigma/06_pricing.html]
[previews.aspirity.com/sigma/assets/img/img_bg_form.png]
[previews.aspirity.com/sigma/assets/js/vendor/jquery.mask.min.js]
[previews.aspirity.com/sigma/assets/js/validation.js]
[previews.aspirity.com/sigma/assets/js/form.js]
[previews.aspirity.com/sigma/10_get-app.html]
[previews.aspirity.com/sigma/assets/js/faq.js]
[previews.aspirity.com/sigma/assets/js/sidebar.js]
[previews.aspirity.com/sigma/08_faq.html]
[previews.aspirity.com/sigma/assets/img/img_bg_about.png]
[previews.aspirity.com/sigma/assets/img/img_photo_1.png]
[previews.aspirity.com/sigma/assets/img/img_photo_2.png]
[previews.aspirity.com/sigma/assets/img/img_photo_3.png]
[previews.aspirity.com/sigma/assets/img/img_photo_4.png]
[previews.aspirity.com/sigma/assets/img/img_photo_5.png]
[previews.aspirity.com/sigma/assets/img/img_photo_6.png]
[previews.aspirity.com/sigma/assets/img/img_photo_7.png]
[previews.aspirity.com/sigma/assets/img/img_leadership_1.png]
[previews.aspirity.com/sigma/assets/img/img_leadership_2.png]
[previews.aspirity.com/sigma/assets/img/img_leadership_3.png]
[previews.aspirity.com/sigma/assets/img/img_leadership_4.png]
[previews.aspirity.com/sigma/assets/img/img_leadership_5.png]
[previews.aspirity.com/sigma/assets/img/img_leadership_6.png]
[previews.aspirity.com/sigma/assets/img/img_leadership_7.png]
[previews.aspirity.com/sigma/assets/img/img_leadership_8.png]
[previews.aspirity.com/sigma/07_about.html]
[previews.aspirity.com/sigma/09_privacy.html]
[previews.aspirity.com/sigma/posts/01_video_post.html]
[previews.aspirity.com/sigma/assets/img/blog/19_blog_img_2.jpg]
[previews.aspirity.com/sigma/posts/02_gallery_post.html]
[previews.aspirity.com/sigma/assets/img/blog/19_blog_img_3.jpg]
[previews.aspirity.com/sigma/posts/03_standard_post.html]
[previews.aspirity.com/sigma/assets/img/blog/19_blog_img_1.jpg]
[previews.aspirity.com/sigma/assets/js/vendor/jquery-editable-select.min.js]
[previews.aspirity.com/sigma/assets/js/vendor/lightwidget.js]
[previews.aspirity.com/sigma/assets/js/blog/blog.js]
[previews.aspirity.com/sigma/blog/12_blog.html]
[previews.aspirity.com/sigma/assets/css/ajax-loader.html]
[previews.aspirity.com/sigma/fonts/lgd641.html]
[previews.aspirity.com/sigma/fonts/lgd41d.html]
[previews.aspirity.com/sigma/fonts/lgd641-2.html]
[previews.aspirity.com/sigma/fonts/lgd641-3.html]
[previews.aspirity.com/sigma/fonts/lgd641-4.html]
[previews.aspirity.com/sigma/assets/img/vimeo-play.html]
[previews.aspirity.com/sigma/assets/img/video-play.html]
[previews.aspirity.com/sigma/assets/img/youtube-play.html]
[previews.aspirity.com/sigma/assets/img/loading.html]
[previews.aspirity.com/sigma/assets/css/images/ui-icons_444444_256x240.png]
[previews.aspirity.com/sigma/assets/css/images/ui-icons_555555_256x240.png]
[previews.aspirity.com/sigma/assets/css/images/ui-icons_ffffff_256x240.png]
[previews.aspirity.com/sigma/assets/css/images/ui-icons_777620_256x240.png]
[previews.aspirity.com/sigma/assets/css/images/ui-icons_cc0000_256x240.png]
[previews.aspirity.com/sigma/assets/css/images/ui-icons_777777_256x240.png]
[previews.aspirity.com/sigma/assets/css/jquery-ui.min.css]
[previews.aspirity.com/sigma/assets/css/tablesaw.css]
[previews.aspirity.com/sigma/assets/js/calculator.js]
[previews.aspirity.com/sigma/11_calculator.html]
[previews.aspirity.com/sigma/assets/video/somethingmorev2mp4.mp4]
[previews.aspirity.com/sigma/assets/js/blog/post.js]
[previews.aspirity.com/sigma/posts/01_video_post.html]
[previews.aspirity.com/sigma/assets/img/blog/24_blog_img_01.jpg]
[previews.aspirity.com/sigma/assets/img/blog/24_blog_img_02.jpg]
[previews.aspirity.com/sigma/assets/img/blog/24_blog_img_03.jpg]
[previews.aspirity.com/sigma/assets/img/blog/24_blog_img_04.jpg]
[previews.aspirity.com/sigma/assets/img/blog/24_blog_img_05.jpg]
[previews.aspirity.com/sigma/assets/img/blog/24_blog_img_06.jpg]
[previews.aspirity.com/sigma/assets/img/blog/24_blog_img_07.jpg]
[previews.aspirity.com/sigma/assets/img/blog/24_blog_img_08.jpg]
[previews.aspirity.com/sigma/assets/img/blog/24_blog_img_09.jpg]
[previews.aspirity.com/sigma/assets/img/blog/24_blog_img_10.jpg]
[previews.aspirity.com/sigma/assets/img/blog/24_blog_img_11.jpg]
[previews.aspirity.com/sigma/assets/img/blog/24_blog_img_12.jpg]
[previews.aspirity.com/sigma/assets/img/blog/24_blog_img_13.jpg]
[previews.aspirity.com/sigma/assets/img/blog/24_blog_img_14.jpg]
[previews.aspirity.com/sigma/assets/js/vendor/run_prettify.js]
[previews.aspirity.com/sigma/assets/js/vendor/jquery.mousewheel.min.js]
[previews.aspirity.com/sigma/assets/js/vendor/lightgallery.min.js]
[previews.aspirity.com/sigma/posts/02_gallery_post.html]
[previews.aspirity.com/sigma/assets/img/blog/19_blog_photo_01.jpg]
[previews.aspirity.com/sigma/assets/img/blog/19_blog_photo_02.jpg]
[previews.aspirity.com/sigma/assets/img/blog/19_blog_photo_03.jpg]
[previews.aspirity.com/sigma/assets/img/blog/19_blog_photo_04.jpg]
[previews.aspirity.com/sigma/assets/img/blog/19_blog_photo_05.jpg]
[previews.aspirity.com/sigma/assets/img/blog/19_blog_photo_06.jpg]
[previews.aspirity.com/sigma/posts/03_standard_post.html]
[previews.aspirity.com/sigma/assets/css/images/ui-icons_444444_256x240.html]
[previews.aspirity.com/sigma/assets/css/images/ui-icons_555555_256x240.html]
[previews.aspirity.com/sigma/assets/css/images/ui-icons_ffffff_256x240.html]
[previews.aspirity.com/sigma/assets/css/images/ui-icons_777620_256x240.html]
[previews.aspirity.com/sigma/assets/css/images/ui-icons_cc0000_256x240.html]
[previews.aspirity.com/sigma/assets/css/images/ui-icons_777777_256x240.html]
